C51 COMPILER V9.06   MAINSOURCE                                                            08/29/2012 10:03:30 PAGE 1   


C51 COMPILER V9.06, COMPILATION OF MODULE MAINSOURCE
OBJECT MODULE PLACED IN mainsource.OBJ
COMPILER INVOKED BY: C:\Keil\C51\BIN\C51.EXE mainsource.c OPTIMIZE(9,SIZE) BROWSE INCDIR(C:\Keil\C51\INC\SiLABS) DEBUG O
                    -BJECTEXTEND

line level    source

   1          #include "C8051F020.h"
   2          
   3          #include "define.h"
   4          
   5          #include "dependences.h"
   6          
   7          
   8          
   9          
  10          
  11          void Init_Device(void);
  12          
  13          void LCD_write();
  14          void show_display (unsigned char Zeile, unsigned char Message[12]);
  15          void send(unsigned char ken[12]);
  16          void AD_Wand(bit w,char k);
  17          void freq();
  18          void wandlascii(unsigned int e,char k);
  19          void PCA();
  20          unsigned long SPI_read();
  21          
  22          
  23          bit LCD_init = 0;                       //bei 0x18 entscheidet sich ob initialisierung (3 byte) oder Datenbyte
  24          bit SM_BUSY;                    /* = 1 I2C-Bus belegt */
  25          bit TMR_BUSY;
  26          
  27          
  28          
  29          unsigned char CONTROL_LCD;
  30          unsigned char flag=0;
  31          unsigned char ken0[12]={"Projekt SS09"};
  32          //unsigned char ken1[12]={"Temp:   ,  C"};
  33          //unsigned char ken1[12]={"S:-0000000uV"};
  34          unsigned char ken1[12]={"            "};
  35          unsigned char ken2[12]={"AIN:    ,  V"};
  36          unsigned char ken3[12]={"Freq:  , kHz"};
  37          unsigned char ken4[12]={"cmd :    kHz"};
  38          extern unsigned char ken5[12];  
  39          unsigned char Text_RAM[14];
  40          unsigned int exchange;
  41          
  42          unsigned char k;
  43          unsigned char in = 0;
  44          
  45          
  46          void main (void)
  47          {
  48   1              Init_Device();
  49   1              SPI0CFG |= 0x07;        //8 Bits pro Master-SPI-Transfer
  50   1              EA=1;
  51   1              LCD_init = 1;  // Bit zur Verzweigung in der ISR
  52   1              P5=0x0F;
  53   1              CONTROL_LCD = SMB_BUS_ERROR;
  54   1      
C51 COMPILER V9.06   MAINSOURCE                                                            08/29/2012 10:03:30 PAGE 2   

  55   1              LCD_write();
  56   1      
  57   1              P2_0 = 1;
  58   1      
  59   1              while(1)
  60   1              {
  61   2      //              switch(P5)
  62   2      //              {
  63   2      //                      case 0x07:
  64   2      //                      {
  65   2                              
  66   2                                              SPI_read();
  67   2                                              show_display(1,ken5);
  68   2      //                                      break;
  69   2      //                      }
  70   2      //
  71   2      //                      default:
  72   2      //                      {
  73   2      //                                      break;
  74   2      //                      }
  75   2      //              }
  76   2              }
  77   1      }


MODULE INFORMATION:   STATIC OVERLAYABLE
   CODE SIZE        =     37    ----
   CONSTANT SIZE    =   ----    ----
   XDATA SIZE       =   ----    ----
   PDATA SIZE       =   ----    ----
   DATA SIZE        =     80    ----
   IDATA SIZE       =   ----    ----
   BIT SIZE         =      3    ----
END OF MODULE INFORMATION.


C51 COMPILATION COMPLETE.  0 WARNING(S),  0 ERROR(S)
